../Core/Src/main.c:18:6:digni_ulaznu_rampu	4	static
../Core/Src/main.c:22:6:spusti_ulaznu_rampu	4	static
../Core/Src/main.c:26:6:digni_izlaznu_rampu	4	static
../Core/Src/main.c:30:6:spusti_izlaznu_rampu	4	static
../Core/Src/main.c:35:6:HAL_TIM_PeriodElapsedCallback	16	static
../Core/Src/main.c:52:6:HAL_GPIO_EXTI_Callback	16	static
../Core/Src/main.c:61:5:main	16	static
../Core/Src/main.c:109:6:SystemClock_Config	88	static
../Core/Src/main.c:159:13:MX_TIM2_Init	64	static
../Core/Src/main.c:218:13:MX_TIM6_Init	16	static
../Core/Src/main.c:254:13:MX_USART1_UART_Init	8	static
../Core/Src/main.c:285:13:MX_GPIO_Init	48	static
../Core/Src/main.c:343:6:Error_Handler	4	static,ignoring_inline_asm
